{
  "version": "1.5.0",
  "plugins_used": [
    {
      "name": "ArtifactoryDetector"
    },
    {
      "name": "AWSKeyDetector"
    },
    {
      "name": "AzureStorageKeyDetector"
    },
    {
      "name": "Base64HighEntropyString",
      "limit": 4.5
    },
    {
      "name": "BasicAuthDetector"
    },
    {
      "name": "CloudantDetector"
    },
    {
      "name": "DiscordBotTokenDetector"
    },
    {
      "name": "GitHubTokenDetector"
    },
    {
      "name": "GitLabTokenDetector"
    },
    {
      "name": "HexHighEntropyString",
      "limit": 3.0
    },
    {
      "name": "IbmCloudIamDetector"
    },
    {
      "name": "IbmCosHmacDetector"
    },
    {
      "name": "IPPublicDetector"
    },
    {
      "name": "JwtTokenDetector"
    },
    {
      "name": "KeywordDetector",
      "keyword_exclude": ""
    },
    {
      "name": "MailchimpDetector"
    },
    {
      "name": "NpmDetector"
    },
    {
      "name": "OpenAIDetector"
    },
    {
      "name": "PrivateKeyDetector"
    },
    {
      "name": "PypiTokenDetector"
    },
    {
      "name": "SendGridDetector"
    },
    {
      "name": "SlackDetector"
    },
    {
      "name": "SoftlayerDetector"
    },
    {
      "name": "SquareOAuthDetector"
    },
    {
      "name": "StripeDetector"
    },
    {
      "name": "TelegramBotTokenDetector"
    },
    {
      "name": "TwilioKeyDetector"
    }
  ],
  "filters_used": [
    {
      "path": "detect_secrets.filters.allowlist.is_line_allowlisted"
    },
    {
      "path": "detect_secrets.filters.common.is_baseline_file",
      "filename": ".secrets.baseline"
    },
    {
      "path": "detect_secrets.filters.common.is_ignored_due_to_verification_policies",
      "min_level": 2
    },
    {
      "path": "detect_secrets.filters.heuristic.is_indirect_reference"
    },
    {
      "path": "detect_secrets.filters.heuristic.is_likely_id_string"
    },
    {
      "path": "detect_secrets.filters.heuristic.is_lock_file"
    },
    {
      "path": "detect_secrets.filters.heuristic.is_not_alphanumeric_string"
    },
    {
      "path": "detect_secrets.filters.heuristic.is_potential_uuid"
    },
    {
      "path": "detect_secrets.filters.heuristic.is_prefixed_with_dollar_sign"
    },
    {
      "path": "detect_secrets.filters.heuristic.is_sequential_string"
    },
    {
      "path": "detect_secrets.filters.heuristic.is_swagger_file"
    },
    {
      "path": "detect_secrets.filters.heuristic.is_templated_secret"
    }
  ],
  "results": {
    ".claude-mpm/PM_INSTRUCTIONS.md.meta": [
      {
        "type": "Hex High Entropy String",
        "filename": ".claude-mpm/PM_INSTRUCTIONS.md.meta",
        "hashed_secret": "3385fa0572babcbc3ba6810dce0a997893912d7b",
        "is_verified": false,
        "line_number": 11
      }
    ],
    ".claude-mpm/cache/deployment_state.json": [
      {
        "type": "Hex High Entropy String",
        "filename": ".claude-mpm/cache/deployment_state.json",
        "hashed_secret": "884e2d9efb8191cc85c7e5eceffabea0286336b4",
        "is_verified": false,
        "line_number": 4
      }
    ],
    ".claude-mpm/commander/registrations.json": [
      {
        "type": "Base64 High Entropy String",
        "filename": ".claude-mpm/commander/registrations.json",
        "hashed_secret": "92392cf4de156f77ef80f882a2d0a084fe03d1b9",
        "is_verified": false,
        "line_number": 5
      }
    ],
    ".claude-mpm/pm_skills_registry.yaml": [
      {
        "type": "Hex High Entropy String",
        "filename": ".claude-mpm/pm_skills_registry.yaml",
        "hashed_secret": "497fd36ebbc867eeb4436e3eb3f4ce2e1fbf5d31",
        "is_verified": false,
        "line_number": 3
      },
      {
        "type": "Hex High Entropy String",
        "filename": ".claude-mpm/pm_skills_registry.yaml",
        "hashed_secret": "2fb57abbe7b89e5cfdc12b9ec7feb3cb6561427c",
        "is_verified": false,
        "line_number": 7
      },
      {
        "type": "Hex High Entropy String",
        "filename": ".claude-mpm/pm_skills_registry.yaml",
        "hashed_secret": "2a358b679b6227256faab9bbb2e3228d8a76a212",
        "is_verified": false,
        "line_number": 11
      },
      {
        "type": "Hex High Entropy String",
        "filename": ".claude-mpm/pm_skills_registry.yaml",
        "hashed_secret": "c11105092b632d325a168d6ce746fcbb1e5fff17",
        "is_verified": false,
        "line_number": 15
      },
      {
        "type": "Hex High Entropy String",
        "filename": ".claude-mpm/pm_skills_registry.yaml",
        "hashed_secret": "1ecec3d309a0f858bf418198d81dd24a9f688661",
        "is_verified": false,
        "line_number": 19
      },
      {
        "type": "Hex High Entropy String",
        "filename": ".claude-mpm/pm_skills_registry.yaml",
        "hashed_secret": "1124d64055c3671c1419c7ef9b46a5437acff0a4",
        "is_verified": false,
        "line_number": 23
      },
      {
        "type": "Hex High Entropy String",
        "filename": ".claude-mpm/pm_skills_registry.yaml",
        "hashed_secret": "18b5c09fee6e0f757589cfaef28568118c9434c0",
        "is_verified": false,
        "line_number": 27
      },
      {
        "type": "Hex High Entropy String",
        "filename": ".claude-mpm/pm_skills_registry.yaml",
        "hashed_secret": "3033ba137d3a3b02592378909dc0e8add25205b6",
        "is_verified": false,
        "line_number": 31
      },
      {
        "type": "Hex High Entropy String",
        "filename": ".claude-mpm/pm_skills_registry.yaml",
        "hashed_secret": "34d6c26c6e873152f634c117d1788a30f7e08bca",
        "is_verified": false,
        "line_number": 35
      },
      {
        "type": "Hex High Entropy String",
        "filename": ".claude-mpm/pm_skills_registry.yaml",
        "hashed_secret": "1a988ffdf2aaaddcea4a56a2677e62cc523dea54",
        "is_verified": false,
        "line_number": 39
      },
      {
        "type": "Hex High Entropy String",
        "filename": ".claude-mpm/pm_skills_registry.yaml",
        "hashed_secret": "2dea9d9d4b145b47579b451410f8d8737d1d34be",
        "is_verified": false,
        "line_number": 43
      },
      {
        "type": "Hex High Entropy String",
        "filename": ".claude-mpm/pm_skills_registry.yaml",
        "hashed_secret": "377aba779ad60d2c95892139ddd0abd22bcfc930",
        "is_verified": false,
        "line_number": 47
      },
      {
        "type": "Hex High Entropy String",
        "filename": ".claude-mpm/pm_skills_registry.yaml",
        "hashed_secret": "76799b983d15fadb55b116b3f5e74ee78c7c06fb",
        "is_verified": false,
        "line_number": 51
      },
      {
        "type": "Hex High Entropy String",
        "filename": ".claude-mpm/pm_skills_registry.yaml",
        "hashed_secret": "4af7c571f5aa48cfa55118528a939270d0f366d0",
        "is_verified": false,
        "line_number": 55
      },
      {
        "type": "Hex High Entropy String",
        "filename": ".claude-mpm/pm_skills_registry.yaml",
        "hashed_secret": "5c9dc8f9ff45647d138a47b60c5e0ed8cb6816b3",
        "is_verified": false,
        "line_number": 59
      },
      {
        "type": "Hex High Entropy String",
        "filename": ".claude-mpm/pm_skills_registry.yaml",
        "hashed_secret": "3e29812f930543a69849aceeeeb69db151da8c09",
        "is_verified": false,
        "line_number": 63
      },
      {
        "type": "Hex High Entropy String",
        "filename": ".claude-mpm/pm_skills_registry.yaml",
        "hashed_secret": "b01393ae811b695a6e2b61719aa45e5075281271",
        "is_verified": false,
        "line_number": 67
      },
      {
        "type": "Hex High Entropy String",
        "filename": ".claude-mpm/pm_skills_registry.yaml",
        "hashed_secret": "e4d46b7d160bcb30e6d94d6d40e0650b356383ec",
        "is_verified": false,
        "line_number": 71
      },
      {
        "type": "Hex High Entropy String",
        "filename": ".claude-mpm/pm_skills_registry.yaml",
        "hashed_secret": "ce6f1b7b885ade36c88ada5b04ed21c7e5c15ae5",
        "is_verified": false,
        "line_number": 75
      },
      {
        "type": "Hex High Entropy String",
        "filename": ".claude-mpm/pm_skills_registry.yaml",
        "hashed_secret": "8a0d75c9b8709631b3a1e7557bcb6230563e3441",
        "is_verified": false,
        "line_number": 79
      },
      {
        "type": "Hex High Entropy String",
        "filename": ".claude-mpm/pm_skills_registry.yaml",
        "hashed_secret": "9afebb14fcebd06ea635e80d8611c69a265e5bae",
        "is_verified": false,
        "line_number": 83
      }
    ],
    ".claude/agents/.dependency_cache": [
      {
        "type": "Hex High Entropy String",
        "filename": ".claude/agents/.dependency_cache",
        "hashed_secret": "52c0a816060ddcb6561344f4d2c37ec3822f09c6",
        "is_verified": false,
        "line_number": 2
      },
      {
        "type": "Hex High Entropy String",
        "filename": ".claude/agents/.dependency_cache",
        "hashed_secret": "bcdb3e9ea420d935f647fff961ac1711fb2e459c",
        "is_verified": false,
        "line_number": 15
      }
    ],
    ".claude/agents/.mpm_deployment_state": [
      {
        "type": "Hex High Entropy String",
        "filename": ".claude/agents/.mpm_deployment_state",
        "hashed_secret": "bcdb3e9ea420d935f647fff961ac1711fb2e459c",
        "is_verified": false,
        "line_number": 2
      }
    ],
    ".claude/agents/ops.md": [
      {
        "type": "Secret Keyword",
        "filename": ".claude/agents/ops.md",
        "hashed_secret": "7a39610968ab6e6e3eedfaf02e526e61df0d1adb",
        "is_verified": false,
        "line_number": 327
      },
      {
        "type": "Secret Keyword",
        "filename": ".claude/agents/ops.md",
        "hashed_secret": "ec3810e10fb78db55ce38b9c18d1c3eb1db739e0",
        "is_verified": false,
        "line_number": 328
      },
      {
        "type": "Private Key",
        "filename": ".claude/agents/ops.md",
        "hashed_secret": "1348b145fa1a555461c1b790a2f66614781091e9",
        "is_verified": false,
        "line_number": 329
      },
      {
        "type": "Basic Auth Credentials",
        "filename": ".claude/agents/ops.md",
        "hashed_secret": "9d4e1e23bd5b727046a9e3b4b7db57bd8d6ee684",
        "is_verified": false,
        "line_number": 330
      }
    ],
    ".claude/skills/toolchains-ai-frameworks-dspy/SKILL.md": [
      {
        "type": "Secret Keyword",
        "filename": ".claude/skills/toolchains-ai-frameworks-dspy/SKILL.md",
        "hashed_secret": "1e3667aaaaa887721550cf5cc8a0c5c5760810ed",
        "is_verified": false,
        "line_number": 585
      },
      {
        "type": "Secret Keyword",
        "filename": ".claude/skills/toolchains-ai-frameworks-dspy/SKILL.md",
        "hashed_secret": "e7dd63688d6b4efc11b2aa7b08a0731db82bf04c",
        "is_verified": false,
        "line_number": 595
      },
      {
        "type": "Secret Keyword",
        "filename": ".claude/skills/toolchains-ai-frameworks-dspy/SKILL.md",
        "hashed_secret": "6d9c68c603e465077bdd49c62347fe54717f83a3",
        "is_verified": false,
        "line_number": 944
      }
    ],
    ".claude/skills/toolchains-ai-frameworks-langchain/SKILL.md": [
      {
        "type": "Secret Keyword",
        "filename": ".claude/skills/toolchains-ai-frameworks-langchain/SKILL.md",
        "hashed_secret": "6d9c68c603e465077bdd49c62347fe54717f83a3",
        "is_verified": false,
        "line_number": 234
      },
      {
        "type": "Secret Keyword",
        "filename": ".claude/skills/toolchains-ai-frameworks-langchain/SKILL.md",
        "hashed_secret": "a4d0fee8f2ae3d08b60dd3e60385600f598422e5",
        "is_verified": false,
        "line_number": 622
      }
    ],
    ".claude/skills/toolchains-ai-frameworks-langgraph/SKILL.md": [
      {
        "type": "Basic Auth Credentials",
        "filename": ".claude/skills/toolchains-ai-frameworks-langgraph/SKILL.md",
        "hashed_secret": "9d4e1e23bd5b727046a9e3b4b7db57bd8d6ee684",
        "is_verified": false,
        "line_number": 930
      },
      {
        "type": "Secret Keyword",
        "filename": ".claude/skills/toolchains-ai-frameworks-langgraph/SKILL.md",
        "hashed_secret": "a4d0fee8f2ae3d08b60dd3e60385600f598422e5",
        "is_verified": false,
        "line_number": 1750
      }
    ],
    ".claude/skills/toolchains-ai-protocols-mcp/SKILL.md": [
      {
        "type": "Secret Keyword",
        "filename": ".claude/skills/toolchains-ai-protocols-mcp/SKILL.md",
        "hashed_secret": "11fa7c37d697f30e6aee828b4426a10f83ab2380",
        "is_verified": false,
        "line_number": 710
      },
      {
        "type": "Secret Keyword",
        "filename": ".claude/skills/toolchains-ai-protocols-mcp/SKILL.md",
        "hashed_secret": "5baa61e4c9b93f3f0682250b6cf8331b7ee68fd8",
        "is_verified": false,
        "line_number": 952
      }
    ],
    ".claude/skills/toolchains-ai-services-openrouter/QUICK_REFERENCE.md": [
      {
        "type": "Secret Keyword",
        "filename": ".claude/skills/toolchains-ai-services-openrouter/QUICK_REFERENCE.md",
        "hashed_secret": "96c682c88ed551f22fe76d206c2dfb7df9221ad9",
        "is_verified": false,
        "line_number": 13
      }
    ],
    ".claude/skills/toolchains-ai-services-openrouter/SKILL.md": [
      {
        "type": "Secret Keyword",
        "filename": ".claude/skills/toolchains-ai-services-openrouter/SKILL.md",
        "hashed_secret": "96c682c88ed551f22fe76d206c2dfb7df9221ad9",
        "is_verified": false,
        "line_number": 60
      }
    ],
    ".claude/skills/toolchains-ai-techniques-session-compression/SKILL.md": [
      {
        "type": "Secret Keyword",
        "filename": ".claude/skills/toolchains-ai-techniques-session-compression/SKILL.md",
        "hashed_secret": "11fa7c37d697f30e6aee828b4426a10f83ab2380",
        "is_verified": false,
        "line_number": 61
      }
    ],
    ".claude/skills/toolchains-rust-desktop-applications/references/testing-deployment.md": [
      {
        "type": "Secret Keyword",
        "filename": ".claude/skills/toolchains-rust-desktop-applications/references/testing-deployment.md",
        "hashed_secret": "54cd233cf766b984a30cbd9dd47ce2c2d3cdb213",
        "is_verified": false,
        "line_number": 716
      }
    ],
    ".claude/skills/toolchains-universal-infrastructure-docker/SKILL.md": [
      {
        "type": "Basic Auth Credentials",
        "filename": ".claude/skills/toolchains-universal-infrastructure-docker/SKILL.md",
        "hashed_secret": "e5e9fa1ba31ecd1ae84f75caaa474f3a663f05f4",
        "is_verified": false,
        "line_number": 350
      },
      {
        "type": "Basic Auth Credentials",
        "filename": ".claude/skills/toolchains-universal-infrastructure-docker/SKILL.md",
        "hashed_secret": "9d4e1e23bd5b727046a9e3b4b7db57bd8d6ee684",
        "is_verified": false,
        "line_number": 615
      },
      {
        "type": "Basic Auth Credentials",
        "filename": ".claude/skills/toolchains-universal-infrastructure-docker/SKILL.md",
        "hashed_secret": "afc848c316af1a89d49826c5ae9d00ed769415f3",
        "is_verified": false,
        "line_number": 700
      }
    ],
    ".claude/skills/toolchains-universal-infrastructure-github-actions/SKILL.md": [
      {
        "type": "Basic Auth Credentials",
        "filename": ".claude/skills/toolchains-universal-infrastructure-github-actions/SKILL.md",
        "hashed_secret": "afc848c316af1a89d49826c5ae9d00ed769415f3",
        "is_verified": false,
        "line_number": 905
      }
    ],
    ".claude/skills/universal-testing-test-driven-development/references/examples.md": [
      {
        "type": "Secret Keyword",
        "filename": ".claude/skills/universal-testing-test-driven-development/references/examples.md",
        "hashed_secret": "20b05c695ef1f14caa80ab1ce617d503ba9de093",
        "is_verified": false,
        "line_number": 404
      },
      {
        "type": "Secret Keyword",
        "filename": ".claude/skills/universal-testing-test-driven-development/references/examples.md",
        "hashed_secret": "54e8d2e15d3caa89aa3f82c8c0428ad5742f056c",
        "is_verified": false,
        "line_number": 416
      },
      {
        "type": "Secret Keyword",
        "filename": ".claude/skills/universal-testing-test-driven-development/references/examples.md",
        "hashed_secret": "8ce917c93119c0ac4c0e7f7b774f8321e936e0b8",
        "is_verified": false,
        "line_number": 422
      },
      {
        "type": "Secret Keyword",
        "filename": ".claude/skills/universal-testing-test-driven-development/references/examples.md",
        "hashed_secret": "2cfdfd9ff7dca16bbc5e398fac3453eaa10850d7",
        "is_verified": false,
        "line_number": 539
      },
      {
        "type": "Secret Keyword",
        "filename": ".claude/skills/universal-testing-test-driven-development/references/examples.md",
        "hashed_secret": "a0f4ea7d91495df92bbac2e2149dfb850fe81396",
        "is_verified": false,
        "line_number": 550
      }
    ],
    ".claude/skills/universal-testing-test-quality-inspector/SKILL.md": [
      {
        "type": "Secret Keyword",
        "filename": ".claude/skills/universal-testing-test-quality-inspector/SKILL.md",
        "hashed_secret": "72559b51f94a7a3ad058c5740cbe2f7cb0d4080b",
        "is_verified": false,
        "line_number": 89
      }
    ],
    ".claude/skills/universal-web-web-performance-optimization/references/monitoring.md": [
      {
        "type": "Secret Keyword",
        "filename": ".claude/skills/universal-web-web-performance-optimization/references/monitoring.md",
        "hashed_secret": "1e3667aaaaa887721550cf5cc8a0c5c5760810ed",
        "is_verified": false,
        "line_number": 697
      }
    ],
    ".claude/skills/universal-web-web-performance-optimization/references/optimization-techniques.md": [
      {
        "type": "Secret Keyword",
        "filename": ".claude/skills/universal-web-web-performance-optimization/references/optimization-techniques.md",
        "hashed_secret": "33f220dd67f717cc949db63e21c90e130a6137da",
        "is_verified": false,
        "line_number": 488
      },
      {
        "type": "Basic Auth Credentials",
        "filename": ".claude/skills/universal-web-web-performance-optimization/references/optimization-techniques.md",
        "hashed_secret": "9d4e1e23bd5b727046a9e3b4b7db57bd8d6ee684",
        "is_verified": false,
        "line_number": 881
      }
    ],
    "INCREMENTAL_SUMMARIES.md": [
      {
        "type": "Secret Keyword",
        "filename": "INCREMENTAL_SUMMARIES.md",
        "hashed_secret": "a8253456364f1bfc7da7ae4a1db5b45d106317a5",
        "is_verified": false,
        "line_number": 177
      }
    ],
    "INCREMENTAL_SUMMARIES_QUICK_REFERENCE.md": [
      {
        "type": "Secret Keyword",
        "filename": "INCREMENTAL_SUMMARIES_QUICK_REFERENCE.md",
        "hashed_secret": "a219d7693c25cd2d93313512e200ff3eb374d281",
        "is_verified": false,
        "line_number": 104
      }
    ],
    "docs/features/telegram-progress-messages.md": [
      {
        "type": "Secret Keyword",
        "filename": "docs/features/telegram-progress-messages.md",
        "hashed_secret": "96c682c88ed551f22fe76d206c2dfb7df9221ad9",
        "is_verified": false,
        "line_number": 240
      }
    ],
    "docs/implementation-summary-progress-messages.md": [
      {
        "type": "Secret Keyword",
        "filename": "docs/implementation-summary-progress-messages.md",
        "hashed_secret": "96c682c88ed551f22fe76d206c2dfb7df9221ad9",
        "is_verified": false,
        "line_number": 244
      }
    ],
    "docs/research/telegram-bot-architecture-2026-02-01.md": [
      {
        "type": "Base64 High Entropy String",
        "filename": "docs/research/telegram-bot-architecture-2026-02-01.md",
        "hashed_secret": "f8c6f1ff98c5ee78c27d34a3ca68f35ad79847af",
        "is_verified": false,
        "line_number": 354
      }
    ]
  },
  "generated_at": "2026-02-11T09:32:20Z"
}
